Possible file format: ELF64 for x86-64 (Executable) (D:\Program Files\IDA Professional 9.1\loaders\elf.dll)

  bytes   pages size description
--------- ----- ---- --------------------------------------------
  3588096   438 8192 allocating memory for b-tree...
  3588096   438 8192 allocating memory for virtual array...
   262144    32 8192 allocating memory for name pointers...
-----------------------------------------------------------------
  7438336            total memory allocated

Loading processor module D:\Program Files\IDA Professional 9.1\procs\pc.dll for metapc...Initializing processor module metapc...OK
Autoanalysis subsystem has been initialized.
Loading file 'D:\GitHub\jTrans\datautils\dataset\libcap-git-setcap-O1-90826146c17034375256122b115dc849' into database...
Detected file format: ELF64 for x86-64 (Executable)
  0. Creating a new segment  (0000000000400000-0000000000400548) ... ... OK
  1. Creating a new segment  (0000000000401000-00000000004867CD) ... ... OK
  2. Creating a new segment  (0000000000487000-00000000004AF518) ... ... OK
  3. Creating a new segment  (00000000004B06A0-00000000004B8240) ... ... OK
  4. Creating a new segment  (0000000000401000-000000000040101B) ... ... OK
     Deleting segment        (000000000040101B-00000000004867CD) ...
  4. Creating a new segment  (000000000040101B-00000000004867CD) ... ... OK
  5. Creating a new segment  (0000000000401020-00000000004011A0) ... ... OK
  6. Creating a new segment  (00000000004011A0-00000000004867CD) ... ... OK
  7. Creating a new segment  (00000000004011A0-0000000000485C40) ... ... OK
     Deleting segment        (0000000000485C40-00000000004867CD) ...
  7. Creating a new segment  (0000000000485C40-00000000004867CD) ... ... OK
  8. Creating a new segment  (0000000000485C40-00000000004867C0) ... ... OK
     Deleting segment        (00000000004867C0-00000000004867CD) ...
  8. Creating a new segment  (00000000004867C0-00000000004867CD) ... ... OK
     Deleting segment        (00000000004867C0-00000000004867CD) ...
  8. Creating a new segment  (00000000004867C0-00000000004867CD) ... ... OK
  9. Creating a new segment  (0000000000487000-00000000004A39C4) ... ... OK
     Deleting segment        (00000000004A39C4-00000000004AF518) ...
  9. Creating a new segment  (00000000004A39C4-00000000004AF518) ... ... OK
 10. Creating a new segment  (00000000004A39C4-00000000004A39C5) ... ... OK
     Deleting segment        (00000000004A39C5-00000000004AF518) ...
 10. Creating a new segment  (00000000004A39C5-00000000004AF518) ... ... OK
 11. Creating a new segment  (00000000004A39C8-00000000004AF45C) ... ... OK
 12. Creating a new segment  (00000000004AF45C-00000000004AF518) ... ... OK
     Deleting segment        (00000000004AF45C-00000000004AF518) ...
 12. Creating a new segment  (00000000004AF45C-00000000004AF518) ... ... OK
 13. Creating a new segment  (00000000004B06A0-00000000004B06C0) ... ... OK
     Deleting segment        (00000000004B06C0-00000000004B8240) ...
 13. Creating a new segment  (00000000004B06C0-00000000004B8240) ... ... OK
 14. Creating a new segment  (00000000004B06C0-00000000004B06D0) ... ... OK
     Deleting segment        (00000000004B06D0-00000000004B8240) ...
 14. Creating a new segment  (00000000004B06D0-00000000004B8240) ... ... OK
 15. Creating a new segment  (00000000004B06D0-00000000004B06E0) ... ... OK
     Deleting segment        (00000000004B06E0-00000000004B8240) ...
 15. Creating a new segment  (00000000004B06E0-00000000004B8240) ... ... OK
 16. Creating a new segment  (00000000004B06E0-00000000004B3DF4) ... ... OK
     Deleting segment        (00000000004B3DF4-00000000004B8240) ...
 16. Creating a new segment  (00000000004B3DF4-00000000004B8240) ... ... OK
 17. Creating a new segment  (00000000004B3DF8-00000000004B3FF8) ... ... OK
 18. Creating a new segment  (00000000004B3FF8-00000000004B8240) ... ... OK
 19. Creating a new segment  (00000000004B4000-00000000004B5A90) ... ... OK
 20. Creating a new segment  (00000000004B5A90-00000000004B8240) ... ... OK
 21. Creating a new segment  (00000000004B5A90-00000000004B5AE0) ... ... OK
     Deleting segment        (00000000004B5AE0-00000000004B8240) ...
 21. Creating a new segment  (00000000004B5AE0-00000000004B8240) ... ... OK
 22. Creating a new segment  (00000000004B5AE0-00000000004B6308) ... ... OK
     Deleting segment        (00000000004B6308-00000000004B8240) ...
 22. Creating a new segment  (00000000004B6308-00000000004B8240) ... ... OK
 23. Creating a new segment  (00000000004B6308-00000000004B6310) ... ... OK
     Deleting segment        (00000000004B6310-00000000004B8240) ...
 23. Creating a new segment  (00000000004B6310-00000000004B8240) ... ... OK
 24. Creating a new segment  (00000000004B6320-00000000004B8220) ... ... OK
 25. Creating a new segment  (00000000004B8220-00000000004B8240) ... ... OK
     Deleting segment        (00000000004B8220-00000000004B8240) ...
 25. Creating a new segment  (00000000004B8220-00000000004B8240) ... ... OK
 26. Creating a new segment  (00000000004B8240-00000000004B8241) ... ... OK
 27. Creating a new segment  (00000000004B8250-00000000004B82B8) ... ... OK
Assuming __fastcall calling convention by default
Type library 'gnulnx_x64' loaded. Applying types...
Types applied to 0 names.
 28. Creating a new segment  (00000000004B82B8-00000000004B8738) ... ... OK
Processing relocations...
Marking typical code sequences...
Flushing buffers, please wait...ok
File 'D:\GitHub\jTrans\datautils\dataset\libcap-git-setcap-O1-90826146c17034375256122b115dc849' has been successfully loaded into the database.
DWARF: File "D:\GitHub\jTrans\datautils\dataset\libcap-git-setcap-O1-90826146c17034375256122b115dc849" contains DWARF information.
DWARF: Functions: 87 symbols applied
DWARF: Globals: 6 symbols applied
Flushing buffers, please wait...ok
Hex-Rays Decompiler plugin has been loaded (v9.1.0.250226)
  The hotkeys are F5: decompile, Ctrl-F5: decompile all.

  Please check the Edit/Plugins menu for more information.
Hex-rays version 9.1.0.250226 has been detected, gooMBA plugin ready to use
IDA is analysing the input file...
You may start to explore the input file right now.
./process.py: could not locate file -> OK
Flushing buffers, please wait...ok
Unloading IDP module D:\Program Files\IDA Professional 9.1\procs\pc.dll...