Possible file format: ELF64 for x86-64 (Executable) (D:\Program Files\IDA Professional 9.1\loaders\elf.dll)

  bytes   pages size description
--------- ----- ---- --------------------------------------------
  3678208   449 8192 allocating memory for b-tree...
  3678208   449 8192 allocating memory for virtual array...
   262144    32 8192 allocating memory for name pointers...
-----------------------------------------------------------------
  7618560            total memory allocated

Loading processor module D:\Program Files\IDA Professional 9.1\procs\pc.dll for metapc...Initializing processor module metapc...OK
Autoanalysis subsystem has been initialized.
Loading file 'D:\GitHub\jTrans\datautils\dataset\libcap-git-setcap-O3-e8e5b8752b5ba79d135c254273edadae' into database...
Detected file format: ELF64 for x86-64 (Executable)
  0. Creating a new segment  (0000000000400000-0000000000400560) ... ... OK
  1. Creating a new segment  (0000000000401000-00000000004874DD) ... ... OK
  2. Creating a new segment  (0000000000488000-00000000004B0498) ... ... OK
  3. Creating a new segment  (00000000004B16A0-00000000004B9240) ... ... OK
  4. Creating a new segment  (0000000000401000-000000000040101B) ... ... OK
     Deleting segment        (000000000040101B-00000000004874DD) ...
  4. Creating a new segment  (000000000040101B-00000000004874DD) ... ... OK
  5. Creating a new segment  (0000000000401020-00000000004011A0) ... ... OK
  6. Creating a new segment  (00000000004011A0-00000000004874DD) ... ... OK
  7. Creating a new segment  (00000000004011A0-0000000000486950) ... ... OK
     Deleting segment        (0000000000486950-00000000004874DD) ...
  7. Creating a new segment  (0000000000486950-00000000004874DD) ... ... OK
  8. Creating a new segment  (0000000000486950-00000000004874D0) ... ... OK
     Deleting segment        (00000000004874D0-00000000004874DD) ...
  8. Creating a new segment  (00000000004874D0-00000000004874DD) ... ... OK
     Deleting segment        (00000000004874D0-00000000004874DD) ...
  8. Creating a new segment  (00000000004874D0-00000000004874DD) ... ... OK
  9. Creating a new segment  (0000000000488000-00000000004A49C4) ... ... OK
     Deleting segment        (00000000004A49C4-00000000004B0498) ...
  9. Creating a new segment  (00000000004A49C4-00000000004B0498) ... ... OK
 10. Creating a new segment  (00000000004A49C4-00000000004A49C5) ... ... OK
     Deleting segment        (00000000004A49C5-00000000004B0498) ...
 10. Creating a new segment  (00000000004A49C5-00000000004B0498) ... ... OK
 11. Creating a new segment  (00000000004A49C8-00000000004B03DC) ... ... OK
 12. Creating a new segment  (00000000004B03DC-00000000004B0498) ... ... OK
     Deleting segment        (00000000004B03DC-00000000004B0498) ...
 12. Creating a new segment  (00000000004B03DC-00000000004B0498) ... ... OK
 13. Creating a new segment  (00000000004B16A0-00000000004B16C0) ... ... OK
     Deleting segment        (00000000004B16C0-00000000004B9240) ...
 13. Creating a new segment  (00000000004B16C0-00000000004B9240) ... ... OK
 14. Creating a new segment  (00000000004B16C0-00000000004B16D0) ... ... OK
     Deleting segment        (00000000004B16D0-00000000004B9240) ...
 14. Creating a new segment  (00000000004B16D0-00000000004B9240) ... ... OK
 15. Creating a new segment  (00000000004B16D0-00000000004B16E0) ... ... OK
     Deleting segment        (00000000004B16E0-00000000004B9240) ...
 15. Creating a new segment  (00000000004B16E0-00000000004B9240) ... ... OK
 16. Creating a new segment  (00000000004B16E0-00000000004B4DF4) ... ... OK
     Deleting segment        (00000000004B4DF4-00000000004B9240) ...
 16. Creating a new segment  (00000000004B4DF4-00000000004B9240) ... ... OK
 17. Creating a new segment  (00000000004B4DF8-00000000004B5000) ... ... OK
 18. Creating a new segment  (00000000004B5000-00000000004B9240) ... ... OK
 19. Creating a new segment  (00000000004B5000-00000000004B6A90) ... ... OK
     Deleting segment        (00000000004B6A90-00000000004B9240) ...
 19. Creating a new segment  (00000000004B6A90-00000000004B9240) ... ... OK
 20. Creating a new segment  (00000000004B6A90-00000000004B6AE0) ... ... OK
     Deleting segment        (00000000004B6AE0-00000000004B9240) ...
 20. Creating a new segment  (00000000004B6AE0-00000000004B9240) ... ... OK
 21. Creating a new segment  (00000000004B6AE0-00000000004B7308) ... ... OK
     Deleting segment        (00000000004B7308-00000000004B9240) ...
 21. Creating a new segment  (00000000004B7308-00000000004B9240) ... ... OK
 22. Creating a new segment  (00000000004B7308-00000000004B7310) ... ... OK
     Deleting segment        (00000000004B7310-00000000004B9240) ...
 22. Creating a new segment  (00000000004B7310-00000000004B9240) ... ... OK
 23. Creating a new segment  (00000000004B7320-00000000004B9220) ... ... OK
 24. Creating a new segment  (00000000004B9220-00000000004B9240) ... ... OK
     Deleting segment        (00000000004B9220-00000000004B9240) ...
 24. Creating a new segment  (00000000004B9220-00000000004B9240) ... ... OK
 25. Creating a new segment  (00000000004B9240-00000000004B9241) ... ... OK
 26. Creating a new segment  (00000000004B9250-00000000004B92B8) ... ... OK
Assuming __fastcall calling convention by default
Type library 'gnulnx_x64' loaded. Applying types...
Types applied to 0 names.
 27. Creating a new segment  (00000000004B92B8-00000000004B9738) ... ... OK
Processing relocations...
Marking typical code sequences...
Flushing buffers, please wait...ok
File 'D:\GitHub\jTrans\datautils\dataset\libcap-git-setcap-O3-e8e5b8752b5ba79d135c254273edadae' has been successfully loaded into the database.
DWARF: File "D:\GitHub\jTrans\datautils\dataset\libcap-git-setcap-O3-e8e5b8752b5ba79d135c254273edadae" contains DWARF information.
DWARF: Functions: 77 symbols applied
DWARF: Globals: 6 symbols applied
Flushing buffers, please wait...ok
Hex-Rays Decompiler plugin has been loaded (v9.1.0.250226)
  The hotkeys are F5: decompile, Ctrl-F5: decompile all.

  Please check the Edit/Plugins menu for more information.
Hex-rays version 9.1.0.250226 has been detected, gooMBA plugin ready to use
IDA is analysing the input file...
You may start to explore the input file right now.
./process.py: could not locate file -> OK
Flushing buffers, please wait...ok
Unloading IDP module D:\Program Files\IDA Professional 9.1\procs\pc.dll...