Possible file format: ELF64 for x86-64 (Executable) (D:\Program Files\IDA Professional 9.1\loaders\elf.dll)

  bytes   pages size description
--------- ----- ---- --------------------------------------------
  3563520   435 8192 allocating memory for b-tree...
  3563520   435 8192 allocating memory for virtual array...
   262144    32 8192 allocating memory for name pointers...
-----------------------------------------------------------------
  7389184            total memory allocated

Loading processor module D:\Program Files\IDA Professional 9.1\procs\pc.dll for metapc...Initializing processor module metapc...OK
Autoanalysis subsystem has been initialized.
Loading file 'D:\GitHub\jTrans\datautils\dataset\libcap-git-setcap-Os-1ac8a004dfd1d92cb18bf4aa36d817e3' into database...
Detected file format: ELF64 for x86-64 (Executable)
  0. Creating a new segment  (0000000000400000-0000000000400548) ... ... OK
  1. Creating a new segment  (0000000000401000-0000000000485EDD) ... ... OK
  2. Creating a new segment  (0000000000486000-00000000004AE460) ... ... OK
  3. Creating a new segment  (00000000004AF6A0-00000000004B7240) ... ... OK
  4. Creating a new segment  (0000000000401000-000000000040101B) ... ... OK
     Deleting segment        (000000000040101B-0000000000485EDD) ...
  4. Creating a new segment  (000000000040101B-0000000000485EDD) ... ... OK
  5. Creating a new segment  (0000000000401020-00000000004011A0) ... ... OK
  6. Creating a new segment  (00000000004011A0-0000000000485EDD) ... ... OK
  7. Creating a new segment  (00000000004011A0-0000000000485350) ... ... OK
     Deleting segment        (0000000000485350-0000000000485EDD) ...
  7. Creating a new segment  (0000000000485350-0000000000485EDD) ... ... OK
  8. Creating a new segment  (0000000000485350-0000000000485ED0) ... ... OK
     Deleting segment        (0000000000485ED0-0000000000485EDD) ...
  8. Creating a new segment  (0000000000485ED0-0000000000485EDD) ... ... OK
     Deleting segment        (0000000000485ED0-0000000000485EDD) ...
  8. Creating a new segment  (0000000000485ED0-0000000000485EDD) ... ... OK
  9. Creating a new segment  (0000000000486000-00000000004A2924) ... ... OK
     Deleting segment        (00000000004A2924-00000000004AE460) ...
  9. Creating a new segment  (00000000004A2924-00000000004AE460) ... ... OK
 10. Creating a new segment  (00000000004A2924-00000000004A2925) ... ... OK
     Deleting segment        (00000000004A2925-00000000004AE460) ...
 10. Creating a new segment  (00000000004A2925-00000000004AE460) ... ... OK
 11. Creating a new segment  (00000000004A2928-00000000004AE3A4) ... ... OK
 12. Creating a new segment  (00000000004AE3A4-00000000004AE460) ... ... OK
     Deleting segment        (00000000004AE3A4-00000000004AE460) ...
 12. Creating a new segment  (00000000004AE3A4-00000000004AE460) ... ... OK
 13. Creating a new segment  (00000000004AF6A0-00000000004AF6C0) ... ... OK
     Deleting segment        (00000000004AF6C0-00000000004B7240) ...
 13. Creating a new segment  (00000000004AF6C0-00000000004B7240) ... ... OK
 14. Creating a new segment  (00000000004AF6C0-00000000004AF6D0) ... ... OK
     Deleting segment        (00000000004AF6D0-00000000004B7240) ...
 14. Creating a new segment  (00000000004AF6D0-00000000004B7240) ... ... OK
 15. Creating a new segment  (00000000004AF6D0-00000000004AF6E0) ... ... OK
     Deleting segment        (00000000004AF6E0-00000000004B7240) ...
 15. Creating a new segment  (00000000004AF6E0-00000000004B7240) ... ... OK
 16. Creating a new segment  (00000000004AF6E0-00000000004B2DF4) ... ... OK
     Deleting segment        (00000000004B2DF4-00000000004B7240) ...
 16. Creating a new segment  (00000000004B2DF4-00000000004B7240) ... ... OK
 17. Creating a new segment  (00000000004B2DF8-00000000004B2FF8) ... ... OK
 18. Creating a new segment  (00000000004B2FF8-00000000004B7240) ... ... OK
 19. Creating a new segment  (00000000004B3000-00000000004B4A90) ... ... OK
 20. Creating a new segment  (00000000004B4A90-00000000004B7240) ... ... OK
 21. Creating a new segment  (00000000004B4A90-00000000004B4AE0) ... ... OK
     Deleting segment        (00000000004B4AE0-00000000004B7240) ...
 21. Creating a new segment  (00000000004B4AE0-00000000004B7240) ... ... OK
 22. Creating a new segment  (00000000004B4AE0-00000000004B5308) ... ... OK
     Deleting segment        (00000000004B5308-00000000004B7240) ...
 22. Creating a new segment  (00000000004B5308-00000000004B7240) ... ... OK
 23. Creating a new segment  (00000000004B5308-00000000004B5310) ... ... OK
     Deleting segment        (00000000004B5310-00000000004B7240) ...
 23. Creating a new segment  (00000000004B5310-00000000004B7240) ... ... OK
 24. Creating a new segment  (00000000004B5320-00000000004B7220) ... ... OK
 25. Creating a new segment  (00000000004B7220-00000000004B7240) ... ... OK
     Deleting segment        (00000000004B7220-00000000004B7240) ...
 25. Creating a new segment  (00000000004B7220-00000000004B7240) ... ... OK
 26. Creating a new segment  (00000000004B7240-00000000004B7241) ... ... OK
 27. Creating a new segment  (00000000004B7250-00000000004B72B8) ... ... OK
Assuming __fastcall calling convention by default
Type library 'gnulnx_x64' loaded. Applying types...
Types applied to 0 names.
 28. Creating a new segment  (00000000004B72B8-00000000004B7738) ... ... OK
Processing relocations...
Marking typical code sequences...
Flushing buffers, please wait...ok
File 'D:\GitHub\jTrans\datautils\dataset\libcap-git-setcap-Os-1ac8a004dfd1d92cb18bf4aa36d817e3' has been successfully loaded into the database.
DWARF: File "D:\GitHub\jTrans\datautils\dataset\libcap-git-setcap-Os-1ac8a004dfd1d92cb18bf4aa36d817e3" contains DWARF information.
DWARF: Functions: 87 symbols applied
DWARF: Globals: 6 symbols applied
Flushing buffers, please wait...ok
Hex-Rays Decompiler plugin has been loaded (v9.1.0.250226)
  The hotkeys are F5: decompile, Ctrl-F5: decompile all.

  Please check the Edit/Plugins menu for more information.
Hex-rays version 9.1.0.250226 has been detected, gooMBA plugin ready to use
IDA is analysing the input file...
You may start to explore the input file right now.
./process.py: could not locate file -> OK
Flushing buffers, please wait...ok
Unloading IDP module D:\Program Files\IDA Professional 9.1\procs\pc.dll...