Possible file format: ELF64 for x86-64 (Executable) (D:\Program Files\IDA Professional 9.1\loaders\elf.dll)

  bytes   pages size description
--------- ----- ---- --------------------------------------------
  3497984   427 8192 allocating memory for b-tree...
  3497984   427 8192 allocating memory for virtual array...
   262144    32 8192 allocating memory for name pointers...
-----------------------------------------------------------------
  7258112            total memory allocated

Loading processor module D:\Program Files\IDA Professional 9.1\procs\pc.dll for metapc...Initializing processor module metapc...OK
Autoanalysis subsystem has been initialized.
Loading file 'D:\GitHub\jTrans\datautils\dataset\libcap-git-setcap-O0-00ac9f3e2f406891116850f0ddffd008' into database...
Detected file format: ELF64 for x86-64 (Executable)
  0. Creating a new segment  (0000000000400000-0000000000400548) ... ... OK
  1. Creating a new segment  (0000000000401000-00000000004882D5) ... ... OK
  2. Creating a new segment  (0000000000489000-00000000004B1560) ... ... OK
  3. Creating a new segment  (00000000004B2800-00000000004BA380) ... ... OK
  4. Creating a new segment  (0000000000401000-000000000040101B) ... ... OK
     Deleting segment        (000000000040101B-00000000004882D5) ...
  4. Creating a new segment  (000000000040101B-00000000004882D5) ... ... OK
  5. Creating a new segment  (0000000000401020-00000000004011A0) ... ... OK
  6. Creating a new segment  (00000000004011A0-00000000004882D5) ... ... OK
  7. Creating a new segment  (00000000004011A0-0000000000487750) ... ... OK
     Deleting segment        (0000000000487750-00000000004882D5) ...
  7. Creating a new segment  (0000000000487750-00000000004882D5) ... ... OK
  8. Creating a new segment  (0000000000487750-00000000004882C6) ... ... OK
     Deleting segment        (00000000004882C6-00000000004882D5) ...
  8. Creating a new segment  (00000000004882C6-00000000004882D5) ... ... OK
  9. Creating a new segment  (00000000004882C8-00000000004882D5) ... ... OK
 10. Creating a new segment  (0000000000489000-00000000004A59E4) ... ... OK
     Deleting segment        (00000000004A59E4-00000000004B1560) ...
 10. Creating a new segment  (00000000004A59E4-00000000004B1560) ... ... OK
 11. Creating a new segment  (00000000004A59E4-00000000004A59E5) ... ... OK
     Deleting segment        (00000000004A59E5-00000000004B1560) ...
 11. Creating a new segment  (00000000004A59E5-00000000004B1560) ... ... OK
 12. Creating a new segment  (00000000004A59E8-00000000004B14A4) ... ... OK
 13. Creating a new segment  (00000000004B14A4-00000000004B1560) ... ... OK
     Deleting segment        (00000000004B14A4-00000000004B1560) ...
 13. Creating a new segment  (00000000004B14A4-00000000004B1560) ... ... OK
 14. Creating a new segment  (00000000004B2800-00000000004B2820) ... ... OK
     Deleting segment        (00000000004B2820-00000000004BA380) ...
 14. Creating a new segment  (00000000004B2820-00000000004BA380) ... ... OK
 15. Creating a new segment  (00000000004B2820-00000000004B2830) ... ... OK
     Deleting segment        (00000000004B2830-00000000004BA380) ...
 15. Creating a new segment  (00000000004B2830-00000000004BA380) ... ... OK
 16. Creating a new segment  (00000000004B2830-00000000004B2840) ... ... OK
     Deleting segment        (00000000004B2840-00000000004BA380) ...
 16. Creating a new segment  (00000000004B2840-00000000004BA380) ... ... OK
 17. Creating a new segment  (00000000004B2840-00000000004B5DF4) ... ... OK
     Deleting segment        (00000000004B5DF4-00000000004BA380) ...
 17. Creating a new segment  (00000000004B5DF4-00000000004BA380) ... ... OK
 18. Creating a new segment  (00000000004B5DF8-00000000004B5FF8) ... ... OK
 19. Creating a new segment  (00000000004B5FF8-00000000004BA380) ... ... OK
 20. Creating a new segment  (00000000004B6000-00000000004B7BB0) ... ... OK
 21. Creating a new segment  (00000000004B7BB0-00000000004BA380) ... ... OK
 22. Creating a new segment  (00000000004B7BB0-00000000004B7C00) ... ... OK
     Deleting segment        (00000000004B7C00-00000000004BA380) ...
 22. Creating a new segment  (00000000004B7C00-00000000004BA380) ... ... OK
 23. Creating a new segment  (00000000004B7C00-00000000004B8428) ... ... OK
     Deleting segment        (00000000004B8428-00000000004BA380) ...
 23. Creating a new segment  (00000000004B8428-00000000004BA380) ... ... OK
 24. Creating a new segment  (00000000004B8428-00000000004B8430) ... ... OK
     Deleting segment        (00000000004B8430-00000000004BA380) ...
 24. Creating a new segment  (00000000004B8430-00000000004BA380) ... ... OK
 25. Creating a new segment  (00000000004B8440-00000000004BA360) ... ... OK
 26. Creating a new segment  (00000000004BA360-00000000004BA380) ... ... OK
     Deleting segment        (00000000004BA360-00000000004BA380) ...
 26. Creating a new segment  (00000000004BA360-00000000004BA380) ... ... OK
 27. Creating a new segment  (00000000004BA380-00000000004BA381) ... ... OK
 28. Creating a new segment  (00000000004BA390-00000000004BA3F8) ... ... OK
Assuming __fastcall calling convention by default
Type library 'gnulnx_x64' loaded. Applying types...
Types applied to 0 names.
 29. Creating a new segment  (00000000004BA3F8-00000000004BA878) ... ... OK
Processing relocations...
Marking typical code sequences...
Flushing buffers, please wait...ok
File 'D:\GitHub\jTrans\datautils\dataset\libcap-git-setcap-O0-00ac9f3e2f406891116850f0ddffd008' has been successfully loaded into the database.
DWARF: File "D:\GitHub\jTrans\datautils\dataset\libcap-git-setcap-O0-00ac9f3e2f406891116850f0ddffd008" contains DWARF information.
DWARF: Functions: 95 symbols applied
DWARF: Globals: 6 symbols applied
Flushing buffers, please wait...ok
Hex-Rays Decompiler plugin has been loaded (v9.1.0.250226)
  The hotkeys are F5: decompile, Ctrl-F5: decompile all.

  Please check the Edit/Plugins menu for more information.
Hex-rays version 9.1.0.250226 has been detected, gooMBA plugin ready to use
IDA is analysing the input file...
You may start to explore the input file right now.
./process.py: could not locate file -> OK
Flushing buffers, please wait...ok
Unloading IDP module D:\Program Files\IDA Professional 9.1\procs\pc.dll...